// Jest Snapshot v1, https://goo.gl/fbAQLP

exports[`<CreateTaskInput.> should display this render 1`] = `
<div
  className="create-task"
>
  <input
    className="create-task__input"
    onChange={[Function]}
    type="text"
    value=""
  />
  <button
    className="btn"
    onClick={[Function]}
  >
    Create
  </button>
</div>
`;
